// Jest Snapshot v1, https://goo.gl/fbAQLP

exports[`Test getUpdatedConfig for YAML. 1`] = `Promise {}`;
